asset index.html 193 bytes [emitted] [from: index.html] [copied]
asset bundle.js 67 bytes [emitted] (name: main)
./src/index.js 51 bytes [built] [code generated]
Rspack compiled in 37.56 s (9e2b16be98e9b848)
real 38.24
user 4.70
sys 33.42
           221396992  maximum resident set size
                   0  average shared memory size
                   0  average unshared data size
                   0  average unshared stack size
               34890  page reclaims
                 296  page faults
                   0  swaps
                   0  block input operations
                   0  block output operations
                  24  messages sent
                  45  messages received
                   0  signals received
                 134  voluntary context switches
                7732  involuntary context switches
          4609858401  instructions retired
          1361193065  cycles elapsed
           166717664  peak memory footprint
