asset index.html 193 bytes [emitted] [from: index.html] [copied]
asset bundle.js 67 bytes [emitted] (name: main)
./src/index.js 51 bytes [built] [code generated]
Rspack compiled in 37.97 s (9e2b16be98e9b848)
real 38.66
user 4.55
sys 33.99
           219267072  maximum resident set size
                   0  average shared memory size
                   0  average unshared data size
                   0  average unshared stack size
               34804  page reclaims
                 297  page faults
                   0  swaps
                   0  block input operations
                   0  block output operations
                  24  messages sent
                  45  messages received
                   0  signals received
                   4  voluntary context switches
                6885  involuntary context switches
          4650217853  instructions retired
          1356560406  cycles elapsed
           164259608  peak memory footprint
