asset index.html 193 bytes [emitted] [from: index.html] [copied]
asset bundle.js 67 bytes [emitted] (name: main)
./src/index.js 51 bytes [built] [code generated]
Rspack compiled in 6 ms (9e2b16be98e9b848)
real 0.66
user 0.56
sys 0.07
           218595328  maximum resident set size
                   0  average shared memory size
                   0  average unshared data size
                   0  average unshared stack size
               34700  page reclaims
                 298  page faults
                   0  swaps
                   0  block input operations
                   0  block output operations
                  24  messages sent
                  46  messages received
                   0  signals received
                   4  voluntary context switches
                2113  involuntary context switches
          4651147905  instructions retired
          1370293620  cycles elapsed
           163571456  peak memory footprint
