asset index.html 193 bytes [emitted] [from: index.html] [copied]
asset bundle.js 67 bytes [emitted] (name: main)
./src/index.js 51 bytes [built] [code generated]
Rspack compiled in 10 ms (9e2b16be98e9b848)
real 0.69
user 0.56
sys 0.08
           221773824  maximum resident set size
                   0  average shared memory size
                   0  average unshared data size
                   0  average unshared stack size
               34906  page reclaims
                 296  page faults
                   0  swaps
                   0  block input operations
                   0  block output operations
                  24  messages sent
                  45  messages received
                   0  signals received
                   4  voluntary context switches
                2142  involuntary context switches
          4612205320  instructions retired
          1350343961  cycles elapsed
           167143696  peak memory footprint
