asset index.html 193 bytes [emitted] [from: index.html] [copied]
asset bundle.js 67 bytes [emitted] (name: main)
./src/index.js 51 bytes [built] [code generated]
Rspack compiled in 38.46 s (9e2b16be98e9b848)
real 39.14
user 4.69
sys 34.32
           221167616  maximum resident set size
                   0  average shared memory size
                   0  average unshared data size
                   0  average unshared stack size
               34887  page reclaims
                 297  page faults
                   0  swaps
                   0  block input operations
                   0  block output operations
                  24  messages sent
                  45  messages received
                   0  signals received
                   7  voluntary context switches
                7036  involuntary context switches
          4606815009  instructions retired
          1362648018  cycles elapsed
           166504672  peak memory footprint
