asset index.html 193 bytes [emitted] [from: index.html] [copied]
asset bundle.js 67 bytes [emitted] (name: main)
./src/index.js 51 bytes [built] [code generated]
Rspack compiled in 38.54 s (9e2b16be98e9b848)
real 39.23
user 4.66
sys 34.42
           221659136  maximum resident set size
                   0  average shared memory size
                   0  average unshared data size
                   0  average unshared stack size
               34958  page reclaims
                 298  page faults
                   0  swaps
                   0  block input operations
                   0  block output operations
                  24  messages sent
                  45  messages received
                   0  signals received
                   4  voluntary context switches
                7422  involuntary context switches
          4678558264  instructions retired
          1355042719  cycles elapsed
           167029056  peak memory footprint
