{
  "label": "v2.0.4-stock-host-timed",
  "rspackRoot": "/Users/andrew/projects/rspack-causal-artifacts/rspack-versions/v2.0.4",
  "rspackCoreDir": "/Users/andrew/projects/rspack-causal-artifacts/rspack-versions/v2.0.4/node_modules/@rspack/core",
  "resolvedCoreVersion": "2.0.4",
  "bindingEntry": "/Users/andrew/projects/rspack-causal-artifacts/rspack-versions/v2.0.4/node_modules/@rspack/core/dist/index.js",
  "nativeBinding": "/Users/andrew/projects/rspack-causal-artifacts/rspack-versions/v2.0.4/node_modules/@rspack/binding-darwin-arm64/rspack.darwin-arm64.node",
  "nativeBindingBytes": 40120992,
  "nativeBindingMtime": "2026-08-21T01:45:59.663Z",
  "configFile": "rspack.web-previewer.config.js",
  "configurationIndex": 0,
  "pluginNames": [
    "DefinePlugin",
    "CopyRspackPlugin"
  ],
  "packageDir": "/Users/andrew/projects/office-bohemia5/packages/artifact-viewer",
  "outputDirectory": "/Users/andrew/projects/rspack-causal-artifacts/bench-output/v2.0.4-stock-host-timed",
  "node": "v24.16.0",
  "elapsedSeconds": 673.343,
  "phases": {
    "beforeRun": 5,
    "beforeRun:last": 5,
    "compile": 5,
    "compile:last": 5,
    "thisCompilation": 9,
    "thisCompilation:last": 9,
    "make": 10,
    "make:last": 10,
    "firstBuildModule": 11,
    "firstBuildModule:last": 103,
    "firstSucceedModule": 12,
    "firstSucceedModule:last": 103,
    "finishMake": 103,
    "finishMake:last": 103,
    "finishModules": 106,
    "finishModules:last": 106,
    "seal": 106,
    "seal:last": 106,
    "optimizeModules": 111,
    "optimizeModules:last": 111,
    "afterOptimizeModules": 111,
    "afterOptimizeModules:last": 111,
    "optimizeTree": 111,
    "optimizeTree:last": 111,
    "optimizeChunkModules": 112,
    "optimizeChunkModules:last": 112,
    "beforeModuleIds": 112,
    "beforeModuleIds:last": 112,
    "processAssetsStart": 673300,
    "processAssetsStart:last": 673300,
    "processAssetsAfterMinimize": 673336,
    "processAssetsAfterMinimize:last": 673336,
    "afterProcessAssets": 673336,
    "afterProcessAssets:last": 673336,
    "afterSeal": 673336,
    "afterSeal:last": 673336,
    "emit": 673336,
    "emit:last": 673336,
    "afterEmit": 673343,
    "afterEmit:last": 673343,
    "afterCompile": 673343,
    "afterCompile:last": 673343,
    "done": 673343,
    "done:last": 673343
  },
  "peakSampledRssMb": 179,
  "maxRssMb": 179,
  "userCpuSeconds": 50.583,
  "systemCpuSeconds": 604.577,
  "voluntaryContextSwitches": 200410,
  "involuntaryContextSwitches": 140417,
  "fsRead": 0,
  "fsWrite": 0,
  "hasErrors": false,
  "hasWarnings": false,
  "errorCount": 0,
  "moduleCount": 151,
  "missingDependencyCount": 299,
  "fileDependencyCount": 222,
  "contextDependencyCount": 1,
  "firstErrors": []
}
real 673.44
user 50.58
sys 604.57
           188841984  maximum resident set size
                   0  average shared memory size
                   0  average unshared data size
                   0  average unshared stack size
               13779  page reclaims
                  84  page faults
                   0  swaps
                   0  block input operations
                   0  block output operations
                   0  messages sent
                   0  messages received
                   0  signals received
              200422  voluntary context switches
              140477  involuntary context switches
      10109026707424  instructions retired
       2950960997985  cycles elapsed
           128980920  peak memory footprint
