{
  "label": "v2.0.4-localD-boot-t3",
  "rspackRoot": "/Users/andrew/projects/rspack-causal-artifacts/rspack-versions/v2.0.4-localD",
  "rspackCoreDir": "/Users/andrew/projects/rspack-causal-artifacts/rspack-versions/v2.0.4-localD/node_modules/@rspack/core",
  "resolvedCoreVersion": "2.0.4",
  "bindingEntry": "/Users/andrew/projects/rspack-causal-artifacts/rspack-versions/v2.0.4-localD/node_modules/@rspack/core/dist/index.js",
  "nativeBinding": "/Users/andrew/projects/rspack-causal-artifacts/rspack-versions/v2.0.4-localD/node_modules/@rspack/binding-darwin-arm64/rspack.darwin-arm64.node",
  "nativeBindingBytes": 40120992,
  "nativeBindingMtime": "2026-08-21T03:42:56.977Z",
  "configFile": "rspack.web-previewer.config.js",
  "configurationIndex": 1,
  "pluginNames": [
    "DefinePlugin",
    "CopyRspackPlugin"
  ],
  "packageDir": "/Users/andrew/projects/office-bohemia5/packages/artifact-viewer",
  "outputDirectory": "/Users/andrew/projects/rspack-causal-artifacts/bench-output/v2.0.4-localD-boot-t3",
  "node": "v24.16.0",
  "elapsedSeconds": 5.128,
  "phases": {
    "beforeRun": 4,
    "beforeRun:last": 4,
    "compile": 4,
    "compile:last": 4,
    "thisCompilation": 6,
    "thisCompilation:last": 6,
    "make": 7,
    "make:last": 7,
    "firstBuildModule": 7,
    "firstBuildModule:last": 616,
    "firstSucceedModule": 8,
    "firstSucceedModule:last": 616,
    "finishMake": 617,
    "finishMake:last": 617,
    "finishModules": 731,
    "finishModules:last": 731,
    "seal": 744,
    "seal:last": 744,
    "optimizeModules": 898,
    "optimizeModules:last": 898,
    "afterOptimizeModules": 900,
    "afterOptimizeModules:last": 900,
    "optimizeTree": 1174,
    "optimizeTree:last": 1174,
    "optimizeChunkModules": 3531,
    "optimizeChunkModules:last": 3531,
    "beforeModuleIds": 3543,
    "beforeModuleIds:last": 3543,
    "processAssetsStart": 3738,
    "processAssetsStart:last": 3738,
    "processAssetsAfterMinimize": 4929,
    "processAssetsAfterMinimize:last": 4929,
    "afterProcessAssets": 4930,
    "afterProcessAssets:last": 4930,
    "afterSeal": 4930,
    "afterSeal:last": 4930,
    "emit": 4933,
    "emit:last": 4933,
    "afterEmit": 5118,
    "afterEmit:last": 5118,
    "afterCompile": 5128,
    "afterCompile:last": 5128,
    "done": 5128,
    "done:last": 5128
  },
  "peakSampledRssMb": 3638.1,
  "maxRssMb": 3638.1,
  "userCpuSeconds": 24.338,
  "systemCpuSeconds": 3.323,
  "voluntaryContextSwitches": 94,
  "involuntaryContextSwitches": 197331,
  "fsRead": 0,
  "fsWrite": 0,
  "hasErrors": false,
  "hasWarnings": true,
  "errorCount": 0,
  "moduleCount": 12589,
  "missingDependencyCount": 19744,
  "fileDependencyCount": 19456,
  "contextDependencyCount": 14,
  "firstErrors": []
}
real 5.25
user 24.38
sys 3.35
          3822370816  maximum resident set size
                   0  average shared memory size
                   0  average unshared data size
                   0  average unshared stack size
              234262  page reclaims
                  83  page faults
                   0  swaps
                   0  block input operations
                   0  block output operations
                   0  messages sent
                   0  messages received
                   0  signals received
                  94  voluntary context switches
              197403  involuntary context switches
        245852976646  instructions retired
        118512486284  cycles elapsed
          3788385816  peak memory footprint
