{
  "label": "v2.0.4-localD-host-t1",
  "rspackRoot": "/Users/andrew/projects/rspack-causal-artifacts/rspack-versions/v2.0.4-localD",
  "rspackCoreDir": "/Users/andrew/projects/rspack-causal-artifacts/rspack-versions/v2.0.4-localD/node_modules/@rspack/core",
  "resolvedCoreVersion": "2.0.4",
  "bindingEntry": "/Users/andrew/projects/rspack-causal-artifacts/rspack-versions/v2.0.4-localD/node_modules/@rspack/core/dist/index.js",
  "nativeBinding": "/Users/andrew/projects/rspack-causal-artifacts/rspack-versions/v2.0.4-localD/node_modules/@rspack/binding-darwin-arm64/rspack.darwin-arm64.node",
  "nativeBindingBytes": 40120992,
  "nativeBindingMtime": "2026-08-21T03:42:56.977Z",
  "configFile": "rspack.web-previewer.config.js",
  "configurationIndex": 0,
  "pluginNames": [
    "DefinePlugin",
    "CopyRspackPlugin"
  ],
  "packageDir": "/Users/andrew/projects/office-bohemia5/packages/artifact-viewer",
  "outputDirectory": "/Users/andrew/projects/rspack-causal-artifacts/bench-output/v2.0.4-localD-host-t1",
  "node": "v24.16.0",
  "elapsedSeconds": 0.213,
  "phases": {
    "beforeRun": 4,
    "beforeRun:last": 4,
    "compile": 4,
    "compile:last": 4,
    "thisCompilation": 9,
    "thisCompilation:last": 9,
    "make": 9,
    "make:last": 9,
    "firstBuildModule": 12,
    "firstBuildModule:last": 162,
    "firstSucceedModule": 13,
    "firstSucceedModule:last": 162,
    "finishMake": 162,
    "finishMake:last": 162,
    "finishModules": 165,
    "finishModules:last": 165,
    "seal": 165,
    "seal:last": 165,
    "optimizeModules": 170,
    "optimizeModules:last": 170,
    "afterOptimizeModules": 170,
    "afterOptimizeModules:last": 170,
    "optimizeTree": 170,
    "optimizeTree:last": 170,
    "optimizeChunkModules": 171,
    "optimizeChunkModules:last": 171,
    "beforeModuleIds": 172,
    "beforeModuleIds:last": 172,
    "processAssetsStart": 178,
    "processAssetsStart:last": 178,
    "processAssetsAfterMinimize": 206,
    "processAssetsAfterMinimize:last": 206,
    "afterProcessAssets": 207,
    "afterProcessAssets:last": 207,
    "afterSeal": 207,
    "afterSeal:last": 207,
    "emit": 207,
    "emit:last": 207,
    "afterEmit": 213,
    "afterEmit:last": 213,
    "afterCompile": 213,
    "afterCompile:last": 213,
    "done": 213,
    "done:last": 213
  },
  "peakSampledRssMb": 188.6,
  "maxRssMb": 188.6,
  "userCpuSeconds": 0.281,
  "systemCpuSeconds": 0.283,
  "voluntaryContextSwitches": 1790,
  "involuntaryContextSwitches": 15391,
  "fsRead": 0,
  "fsWrite": 0,
  "hasErrors": false,
  "hasWarnings": false,
  "errorCount": 0,
  "moduleCount": 151,
  "missingDependencyCount": 299,
  "fileDependencyCount": 222,
  "contextDependencyCount": 1,
  "firstErrors": []
}
real 0.71
user 0.28
sys 0.28
           198508544  maximum resident set size
                   0  average shared memory size
                   0  average unshared data size
                   0  average unshared stack size
               13795  page reclaims
                  83  page faults
                   0  swaps
                   0  block input operations
                   0  block output operations
                   0  messages sent
                   0  messages received
                   0  signals received
                1794  voluntary context switches
               15458  involuntary context switches
          4062790260  instructions retired
          2382869153  cycles elapsed
           139353096  peak memory footprint
