{
  "label": "v2.0.4-localD-boot-t1",
  "rspackRoot": "/Users/andrew/projects/rspack-causal-artifacts/rspack-versions/v2.0.4-localD",
  "rspackCoreDir": "/Users/andrew/projects/rspack-causal-artifacts/rspack-versions/v2.0.4-localD/node_modules/@rspack/core",
  "resolvedCoreVersion": "2.0.4",
  "bindingEntry": "/Users/andrew/projects/rspack-causal-artifacts/rspack-versions/v2.0.4-localD/node_modules/@rspack/core/dist/index.js",
  "nativeBinding": "/Users/andrew/projects/rspack-causal-artifacts/rspack-versions/v2.0.4-localD/node_modules/@rspack/binding-darwin-arm64/rspack.darwin-arm64.node",
  "nativeBindingBytes": 40120992,
  "nativeBindingMtime": "2026-08-21T03:42:56.977Z",
  "configFile": "rspack.web-previewer.config.js",
  "configurationIndex": 1,
  "pluginNames": [
    "DefinePlugin",
    "CopyRspackPlugin"
  ],
  "packageDir": "/Users/andrew/projects/office-bohemia5/packages/artifact-viewer",
  "outputDirectory": "/Users/andrew/projects/rspack-causal-artifacts/bench-output/v2.0.4-localD-boot-t1",
  "node": "v24.16.0",
  "elapsedSeconds": 5.349,
  "phases": {
    "beforeRun": 3,
    "beforeRun:last": 3,
    "compile": 4,
    "compile:last": 4,
    "thisCompilation": 6,
    "thisCompilation:last": 6,
    "make": 6,
    "make:last": 6,
    "firstBuildModule": 7,
    "firstBuildModule:last": 777,
    "firstSucceedModule": 8,
    "firstSucceedModule:last": 777,
    "finishMake": 778,
    "finishMake:last": 778,
    "finishModules": 924,
    "finishModules:last": 924,
    "seal": 937,
    "seal:last": 937,
    "optimizeModules": 1143,
    "optimizeModules:last": 1143,
    "afterOptimizeModules": 1145,
    "afterOptimizeModules:last": 1145,
    "optimizeTree": 1422,
    "optimizeTree:last": 1422,
    "optimizeChunkModules": 3726,
    "optimizeChunkModules:last": 3726,
    "beforeModuleIds": 3736,
    "beforeModuleIds:last": 3736,
    "processAssetsStart": 3934,
    "processAssetsStart:last": 3934,
    "processAssetsAfterMinimize": 5138,
    "processAssetsAfterMinimize:last": 5138,
    "afterProcessAssets": 5138,
    "afterProcessAssets:last": 5138,
    "afterSeal": 5138,
    "afterSeal:last": 5138,
    "emit": 5141,
    "emit:last": 5141,
    "afterEmit": 5339,
    "afterEmit:last": 5339,
    "afterCompile": 5349,
    "afterCompile:last": 5349,
    "done": 5349,
    "done:last": 5349
  },
  "peakSampledRssMb": 3626.9,
  "maxRssMb": 3626.9,
  "userCpuSeconds": 24.417,
  "systemCpuSeconds": 3.933,
  "voluntaryContextSwitches": 31250,
  "involuntaryContextSwitches": 239358,
  "fsRead": 0,
  "fsWrite": 0,
  "hasErrors": false,
  "hasWarnings": true,
  "errorCount": 0,
  "moduleCount": 12589,
  "missingDependencyCount": 19744,
  "fileDependencyCount": 19456,
  "contextDependencyCount": 14,
  "firstErrors": []
}
real 5.48
user 24.46
sys 3.96
          3829596160  maximum resident set size
                   0  average shared memory size
                   0  average unshared data size
                   0  average unshared stack size
              234764  page reclaims
                  83  page faults
                   0  swaps
                   0  block input operations
                   0  block output operations
                   0  messages sent
                   0  messages received
                   0  signals received
               31250  voluntary context switches
              239430  involuntary context switches
        248969916851  instructions retired
        121575230529  cycles elapsed
          3796381736  peak memory footprint
