{
  "label": "v2.1.9-localB-run1",
  "rspackRoot": "/Users/andrew/projects/rspack-causal-artifacts/rspack-versions/v2.1.9-localB",
  "rspackCoreDir": "/Users/andrew/projects/rspack-causal-artifacts/rspack-versions/v2.1.9-localB/node_modules/@rspack/core",
  "resolvedCoreVersion": "2.1.9",
  "bindingEntry": "/Users/andrew/projects/rspack-causal-artifacts/rspack-versions/v2.1.9-localB/node_modules/@rspack/core/dist/index.js",
  "nativeBinding": "/Users/andrew/projects/rspack-causal-artifacts/rspack-versions/v2.1.9-localB/node_modules/@rspack/binding-darwin-arm64/rspack.darwin-arm64.node",
  "nativeBindingBytes": 41576800,
  "nativeBindingMtime": "2026-08-21T02:05:40.105Z",
  "configFile": "rspack.web-previewer.config.js",
  "configurationIndex": 1,
  "packageDir": "/Users/andrew/projects/office-bohemia5/packages/artifact-viewer",
  "outputDirectory": "/Users/andrew/projects/rspack-causal-artifacts/bench-output/v2.1.9-localB-run1",
  "node": "v24.16.0",
  "elapsedSeconds": 753.984,
  "peakSampledRssMb": 3391.3,
  "maxRssMb": 3391.3,
  "userCpuSeconds": 79.776,
  "systemCpuSeconds": 700.59,
  "voluntaryContextSwitches": 104167,
  "involuntaryContextSwitches": 349429,
  "fsRead": 0,
  "fsWrite": 0,
  "hasErrors": false,
  "hasWarnings": true,
  "errorCount": 0,
  "moduleCount": 12589,
  "missingDependencyCount": 19744,
  "fileDependencyCount": 19456,
  "contextDependencyCount": 14,
  "firstErrors": []
}
